/Users/geniusbeats/MoneyPrinterTurbo/Videos/2026-09-13_101116_why-deja-vu-happens-the-science-behind-that-eerie-feeling-ke_437f99ef/why-deja-vu-happens-the-science-behind-that-eerie-feeling-ke-1.mp4
/Users/geniusbeats/MoneyPrinterTurbo/Videos/2026-09-13_101134_the-psychology-of-first-impressions-why-people-judge-you-in-_de0b10d8/the-psychology-of-first-impressions-why-people-judge-you-in--1.mp4
/Users/geniusbeats/MoneyPrinterTurbo/Videos/2026-09-14_100821_why-sad-songs-make-you-feel-better-the-psychology-of-music-a_a8112e92/why-sad-songs-make-you-feel-better-the-psychology-of-music-a-1.mp4
/Users/geniusbeats/MoneyPrinterTurbo/Videos/2026-09-14_100835_the-bystander-effect-why-more-people-around-you-means-less-h_8a2055e0/the-bystander-effect-why-more-people-around-you-means-less-h-1.mp4
/Users/geniusbeats/MoneyPrinterTurbo/Videos/2026-09-15_100836_the-dunning-kruger-effect-why-the-least-skilled-people-are-t_76af4bfe/the-dunning-kruger-effect-why-the-least-skilled-people-are-t-1.mp4
/Users/geniusbeats/MoneyPrinterTurbo/Videos/2026-09-15_100958_why-nostalgia-feels-so-good-the-psychology-of-missing-the-pa_c073ea19/why-nostalgia-feels-so-good-the-psychology-of-missing-the-pa-1.mp4
/Users/geniusbeats/MoneyPrinterTurbo/Videos/2026-09-13_012631_why-you-remember-insults-but-forget-compliments-the-psycholo_78572538/why-you-remember-insults-but-forget-compliments-the-psycholo-1.mp4
/Users/geniusbeats/MoneyPrinterTurbo/Videos/2026-09-13_012234_5-signs-someone-is-lying-to-you-according-to-psychology-keep_19d3bbf9/5-signs-someone-is-lying-to-you-according-to-psychology-keep-1.mp4
/Users/geniusbeats/MoneyPrinterTurbo/Videos/2026-09-13_013018_the-mandela-effect-why-your-brain-remembers-things-that-neve_6c424b60/the-mandela-effect-why-your-brain-remembers-things-that-neve-1.mp4
/Users/geniusbeats/MoneyPrinterTurbo/Videos/2026-09-13_013432_3-weird-psychological-reasons-you-procrastinate-and-how-to-a_44499352/3-weird-psychological-reasons-you-procrastinate-and-how-to-a-1.mp4
/Users/geniusbeats/MoneyPrinterTurbo/Videos/2026-09-16_102556_the-psychology-of-ghosting-why-people-disappear-instead-of-s_655d3793/the-psychology-of-ghosting-why-people-disappear-instead-of-s-1.mp4
/Users/geniusbeats/MoneyPrinterTurbo/Videos/2026-09-16_102704_why-your-brain-loves-a-good-conspiracy-theory_2cabc91d/why-your-brain-loves-a-good-conspiracy-theory-1.mp4
/Users/geniusbeats/MoneyPrinterTurbo/Videos/2026-09-12_190911_3-psychological-tricks-that-make-you-buy-things-you-don-t-ne_e2a97bf7/3-psychological-tricks-that-make-you-buy-things-you-don-t-ne-1.mp4
/Users/geniusbeats/MoneyPrinterTurbo/Videos/2026-09-16_190255_why-we-fall-for-the-sunk-cost-fallacy-and-how-it-wrecks-your_554af001/why-we-fall-for-the-sunk-cost-fallacy-and-how-it-wrecks-your-1.mp4
/Users/geniusbeats/MoneyPrinterTurbo/Videos/2026-09-16_190457_the-psychology-behind-why-we-procrastinate-on-things-we-actu_15c153e7/the-psychology-behind-why-we-procrastinate-on-things-we-actu-1.mp4
/Users/geniusbeats/MoneyPrinterTurbo/Videos/2026-09-17_101658_the-mere-exposure-effect-why-we-like-things-just-because-we-_33b404c0/the-mere-exposure-effect-why-we-like-things-just-because-we--1.mp4
/Users/geniusbeats/MoneyPrinterTurbo/Videos/2026-09-17_101807_why-we-remember-the-middle-of-a-conversation-worse-than-the-_a4e5201f/why-we-remember-the-middle-of-a-conversation-worse-than-the--1.mp4
/Users/geniusbeats/MoneyPrinterTurbo/Videos/2026-09-17_101915_the-psychology-of-imposter-syndrome-why-successful-people-fe_0d6ab018/the-psychology-of-imposter-syndrome-why-successful-people-fe-1.mp4
/Users/geniusbeats/MoneyPrinterTurbo/Videos/2026-09-17_101541_why-doomscrolling-feels-addictive-the-psychology-behind-it_59aba766/why-doomscrolling-feels-addictive-the-psychology-behind-it-1.mp4
/Users/geniusbeats/MoneyPrinterTurbo/Videos/2026-09-18_101911_why-breakup-songs-hit-so-much-harder-the-psychology-of-heart_74696cf0/why-breakup-songs-hit-so-much-harder-the-psychology-of-heart-1.mp4
/Users/geniusbeats/MoneyPrinterTurbo/Videos/2026-09-18_102021_the-halo-effect-why-attractive-people-seem-more-trustworthy_5ecc7b8f/the-halo-effect-why-attractive-people-seem-more-trustworthy-1.mp4
/Users/geniusbeats/MoneyPrinterTurbo/Videos/2026-09-18_102126_why-we-re-more-honest-with-strangers-than-with-people-we-lov_4df6c024/why-we-re-more-honest-with-strangers-than-with-people-we-lov-1.mp4
/Users/geniusbeats/MoneyPrinterTurbo/Videos/2026-09-18_102237_the-psychology-of-road-rage-why-driving-makes-us-someone-els_860dd457/the-psychology-of-road-rage-why-driving-makes-us-someone-els-1.mp4
/Users/geniusbeats/MoneyPrinterTurbo/Videos/2026-09-19_101751_why-gamified-dopamine-fasting-apps-are-trending-the-psycholo_d710bd1f/why-gamified-dopamine-fasting-apps-are-trending-the-psycholo-1.mp4
/Users/geniusbeats/MoneyPrinterTurbo/Videos/2026-09-19_101923_the-psychology-of-falling-for-an-ai-companion-why-your-brain_0dcd14a8/the-psychology-of-falling-for-an-ai-companion-why-your-brain-1.mp4
2026-09-20T10:58:54Z /Users/geniusbeats/MoneyPrinterTurbo/Videos/2026-09-19_102036_why-group-chats-make-us-anxious-the-psychology-of-social-pre_5bcbb983/why-group-chats-make-us-anxious-the-psychology-of-social-pre-1.mp4
2026-09-20T11:00:23Z /Users/geniusbeats/MoneyPrinterTurbo/Videos/2026-09-19_102220_the-paradox-of-choice-why-more-options-make-us-less-happy_e79f606c/the-paradox-of-choice-why-more-options-make-us-less-happy-1.mp4
2026-09-20T11:01:50Z /Users/geniusbeats/MoneyPrinterTurbo/Videos/2026-09-20_102037_why-we-can-t-stop-checking-our-phones-the-psychology-of-vari_4744ab96/why-we-can-t-stop-checking-our-phones-the-psychology-of-vari-1.mp4
2026-09-20T11:03:10Z /Users/geniusbeats/MoneyPrinterTurbo/Videos/2026-09-20_102127_the-zeigarnik-effect-why-unfinished-tasks-stress-you-out-mor_a38348a3/the-zeigarnik-effect-why-unfinished-tasks-stress-you-out-mor-1.mp4
2026-09-20T11:04:32Z /Users/geniusbeats/MoneyPrinterTurbo/Videos/2026-09-20_102209_why-we-trust-confident-people-even-when-they-re-wrong_c509abc3/why-we-trust-confident-people-even-when-they-re-wrong-1.mp4
2026-09-20T11:05:54Z /Users/geniusbeats/MoneyPrinterTurbo/Videos/2026-09-20_102301_the-psychology-of-nostalgia-marketing-why-brands-keep-bringi_d9024cfe/the-psychology-of-nostalgia-marketing-why-brands-keep-bringi-1.mp4
2026-09-22T22:40:29Z /Users/geniusbeats/MoneyPrinterTurbo/Videos/2026-09-21_102022_why-silence-in-a-conversation-feels-so-uncomfortable_b5be85b5/why-silence-in-a-conversation-feels-so-uncomfortable-1.mp4
2026-09-22T22:41:23Z /Users/geniusbeats/MoneyPrinterTurbo/Videos/2026-09-21_102206_the-spotlight-effect-why-you-think-everyone-s-watching-you-b_d4be8886/the-spotlight-effect-why-you-think-everyone-s-watching-you-b-1.mp4
2026-09-22T22:42:18Z /Users/geniusbeats/MoneyPrinterTurbo/Videos/2026-09-21_102335_the-psychology-of-comfort-food-why-stress-makes-you-crave-ca_0e3ab950/the-psychology-of-comfort-food-why-stress-makes-you-crave-ca-1.mp4
2026-09-22T22:43:11Z /Users/geniusbeats/MoneyPrinterTurbo/Videos/2026-09-21_102515_why-we-laugh-when-we-re-nervous-instead-of-scared_665f4ce1/why-we-laugh-when-we-re-nervous-instead-of-scared-1.mp4
2026-09-22T22:44:07Z /Users/geniusbeats/MoneyPrinterTurbo/Videos/2026-09-22_101817_the-recency-illusion-why-you-think-slang-and-trends-are-new-_1e17c3a2/the-recency-illusion-why-you-think-slang-and-trends-are-new--1.mp4
2026-09-22T22:45:01Z /Users/geniusbeats/MoneyPrinterTurbo/Videos/2026-09-22_101958_the-psychological-reason-people-cheat-even-when-they-are-in-_cf4dc28b/the-psychological-reason-people-cheat-even-when-they-are-in--1.mp4
2026-09-22T22:45:55Z /Users/geniusbeats/MoneyPrinterTurbo/Videos/2026-09-22_102127_the-dark-psychology-of-ghosting-and-why-people-suddenly-vani_b63fabfe/the-dark-psychology-of-ghosting-and-why-people-suddenly-vani-1.mp4
2026-09-22T22:46:53Z /Users/geniusbeats/MoneyPrinterTurbo/Videos/2026-09-22_102303_3-subtle-micro-expressions-that-instantly-reveal-someone-is-_da39ea24/3-subtle-micro-expressions-that-instantly-reveal-someone-is--1.mp4
